  Ôû▓ Next.js 14.2.35

   Creating an optimized production build ...
 Ô£ô Compiled successfully
   Linting and checking validity of types ...
node.exe : Failed to compile.
Au caractère Ligne:1 : 1
+ & "C:\Program Files\nodejs/node.exe" "C:\Program 
Files\nodejs/node_mo ...
+ ~~~~~~~~~~~~~~~~~~~~~~~~~~~~~~~~~~~~~~~~~~~~~~~~~~~~~~~~~~~~~~~~~~~~~
    + CategoryInfo          : NotSpecified: (Failed to compile.:String 
   ) [], RemoteException
    + FullyQualifiedErrorId : NativeCommandError
 

./src/app/[locale]/layout.tsx:21:17
Type error: Property 'meta' does not exist on type '{ nav: { features: 
string; how: string; comparatif: string; faq: string; cta: string; }; 
hero: { count: string; h1_1: string; h1_2: string; h1_3: string; 
badge: string; cta_1: string; cta_2: string; info_1: string; info_2: 
string; info_3: string; scroll: string; }; ... 8 more ...; footer: { 
...; }; }'.

[0m [90m 19 |[39m   [0m
[0m [90m 20 |[39m   [36mreturn[39m {[0m
[0m[31m[1m>[22m[39m[90m 21 |[39m     title[33m:[39m 
dict[33m.[39mmeta[33m?[39m[33m.[39mtitle [33m||[39m 
[32m"Sekura ÔÇö Ton garde du corps num├®rique"[39m[33m,[39m[0m
[0m [90m    |[39m                 [31m[1m^[22m[39m[0m
[0m [90m 22 |[39m     description[33m:[39m 
dict[33m.[39mmeta[33m?[39m[33m.[39mdescription [33m||[39m 
[32m"Sekura prot├¿ge ta s├®curit├® physique en Am├®rique 
Latine."[39m[33m,[39m[0m
[0m [90m 23 |[39m     keywords[33m:[39m [[0m
[0m [90m 24 |[39m       [32m"s├®curit├® 
personnelle"[39m[33m,[39m[0m
Next.js build worker exited with code: 1 and signal: null
